kind: ConfigMap
apiVersion: v1
metadata:
  name: dsp-trusted-ca-testdsp6
data:
  user-ca-bundle.crt: |
    -----BEGIN CERTIFICATE-----
    MIIFLTCCAxWgAwIBAgIUIvY4jV0212P/ddjuCZhcUyJfoocwDQYJKoZIhvcNAQEL
    BQAwJjELMAkGA1UEBhMCWFgxFzAVBgNVBAMMDnJoLWRzcC1kZXZzLmlvMB4XDTI0
    MDMwNTAxMTExN1oXDTM0MDMwMzAxMTExN1owJjELMAkGA1UEBhMCWFgxFzAVBgNV
    BAMMDnJoLWRzcC1kZXZzLmlvMIICIjANBgkqhkiG9w0BAQEFAAOCAg8AMIICCgKC
    AgEAnCxNdQ0EUhswfu8/K6icQKc//2xpTvcp9Bn9QZ9UUy3f2UXv5hvd4W2PM/uX
    FaZGoEzQsYagbjyuHDBxek8YOZvdRx9h7O+LLfN+DXeLbaY6tZ2AxNWwcaAmG0EH
    nSDVORrk8/aZfFRoxgQigWyuK28YZn2SopjNyvOc8GkNjCFO4y7g4QuzWdGMgMIA
    +whtt3EuYIwaRourKNFp4oR4InOVdPfuGezxbKRPcFfey1JEdTxGoWnHC+HDDMCf
    R2vV8hAQB4fdvbOoz3+S7j7d8YiaFBK/P2us6Il5tsUw4kzhD2/OLzyERB7SloZk
    NiIcSsU0USRGLb4/ybQsxu9UPIXUlKTK70HxIEIdPSPPMM84khIOuax0QXKORFHT
    Ti9jgEfXjuX/2RPijQoCMDrqRQvDxExnTVMncqud6PeDxOWfvSG4oyZBr4HgNAap
    wX7FWEY6SOH0e3GrH9ceI3afDO4A4YR+EE426GgHgYe8g4NTfD1D79+txmSY6VvV
    MBwEvPo1LJVmvz23HBC60+e6Ld3WjwE+viOktt20R5Td3NPj7qcBlMDs105yiz+l
    Ex1h/WDrAssETrelppg3Xgkkz+iY5RwiUB2BTzeiiDbN+AE6X+S5c61Izc2qAeH2
    gVrvMDlAK6t6bQ696TzItdAs5SnXauxPjfwmK+F65SYy7z8CAwEAAaNTMFEwHQYD
    VR0OBBYEFDj7l4fu0pXChZsXU5Cgsmr5TYq7MB8GA1UdIwQYMBaAFDj7l4fu0pXC
    hZsXU5Cgsmr5TYq7MA8GA1UdEwEB/wQFMAMBAf8wDQYJKoZIhvcNAQELBQADggIB
    AGr5DblOsH7JE9JM3M4p4eiXD40B/VIACEDMYJvyr6QjmcT8+XnHkiu7OV3OJV/G
    S4NKhleBhfpaaP2ZPGO/vUTmqXwcK78jl0WEjPrMVjs1eDoSnUNi+KwFTBypIusD
    gSEnICXa26v1CHCQG0QB+rUrIxJqjtq+bnlw/Ns1wxTYfZBFW1ykCJuMsekPo0pN
    yTH1eWr0eSVWgljqHKaUjKbRRTSTWvk2Sewaq004W+6QOSb3nb1+GHVMov/Q6vsz
    j6/3B7+7wybR80UTBI/1DfTlefQaOOgEPBjQZ92NXSxMKe2J7FPD+7NHvwTNzzVD
    jg3cmW8pbtLEyxa+C+6EN8xnmklVfyzuzVsRJvrZvzYcOgLK2ji35oq9FYGXm0yH
    HRpQPBFkcgNedD3qrJNYKkIBiAh2SSKKA+J8eP3uD9NUOScgl2aKVz/phU5rSDwt
    NlhRuX8sS7q4gpL9qk4jWrMb8tNeN5nYRvmJj+Slf9sQSTfvukKo+2X8GpAecQNC
    z6OeQyN+3C2zm4cLCHHWC0ZR/iHQyHIVKlFXznWe6qA64o4x1A0GurjVMAw0Pe0v
    WBV3KJBsYK/wijtLeip1oKobU76oE0ML/bnhV10k6usvl4n8cDmcONo5FnGoT8Pk
    80htx6w5fanMFu4MnoBeyJhhzNfg7ywJcc2VZSM27s2B
    -----END CERTIFICATE-----
    -----BEGIN CERTIFICATE-----
    MIIFLTCCAxWgAwIBAgIUIvY4jV0212P/ddjuCZhcUyJfoocwDQYJKoZIhvcNAQEL
    BQAwJjELMAkGA1UEBhMCWFgxFzAVBgNVBAMMDnJoLWRzcC1kZXZzLmlvMB4XDTI0
    MDMwNTAxMTExN1oXDTM0MDMwMzAxMTExN1owJjELMAkGA1UEBhMCWFgxFzAVBgNV
    BAMMDnJoLWRzcC1kZXZzLmlvMIICIjANBgkqhkiG9w0BAQEFAAOCAg8AMIICCgKC
    AgEAnCxNdQ0EUhswfu8/K6icQKc//2xpTvcp9Bn9QZ9UUy3f2UXv5hvd4W2PM/uX
    FaZGoEzQsYagbjyuHDBxek8YOZvdRx9h7O+LLfN+DXeLbaY6tZ2AxNWwcaAmG0EH
    nSDVORrk8/aZfFRoxgQigWyuK28YZn2SopjNyvOc8GkNjCFO4y7g4QuzWdGMgMIA
    +whtt3EuYIwaRourKNFp4oR4InOVdPfuGezxbKRPcFfey1JEdTxGoWnHC+HDDMCf
    R2vV8hAQB4fdvbOoz3+S7j7d8YiaFBK/P2us6Il5tsUw4kzhD2/OLzyERB7SloZk
    NiIcSsU0USRGLb4/ybQsxu9UPIXUlKTK70HxIEIdPSPPMM84khIOuax0QXKORFHT
    Ti9jgEfXjuX/2RPijQoCMDrqRQvDxExnTVMncqud6PeDxOWfvSG4oyZBr4HgNAap
    wX7FWEY6SOH0e3GrH9ceI3afDO4A4YR+EE426GgHgYe8g4NTfD1D79+txmSY6VvV
    MBwEvPo1LJVmvz23HBC60+e6Ld3WjwE+viOktt20R5Td3NPj7qcBlMDs105yiz+l
    Ex1h/WDrAssETrelppg3Xgkkz+iY5RwiUB2BTzeiiDbN+AE6X+S5c61Izc2qAeH2
    gVrvMDlAK6t6bQ696TzItdAs5SnXauxPjfwmK+F65SYy7z8CAwEAAaNTMFEwHQYD
    VR0OBBYEFDj7l4fu0pXChZsXU5Cgsmr5TYq7MB8GA1UdIwQYMBaAFDj7l4fu0pXC
    hZsXU5Cgsmr5TYq7MA8GA1UdEwEB/wQFMAMBAf8wDQYJKoZIhvcNAQELBQADggIB
    AGr5DblOsH7JE9JM3M4p4eiXD40B/VIACEDMYJvyr6QjmcT8+XnHkiu7OV3OJV/G
    S4NKhleBhfpaaP2ZPGO/vUTmqXwcK78jl0WEjPrMVjs1eDoSnUNi+KwFTBypIusD
    gSEnICXa26v1CHCQG0QB+rUrIxJqjtq+bnlw/Ns1wxTYfZBFW1ykCJuMsekPo0pN
    yTH1eWr0eSVWgljqHKaUjKbRRTSTWvk2Sewaq004W+6QOSb3nb1+GHVMov/Q6vsz
    j6/3B7+7wybR80UTBI/1DfTlefQaOOgEPBjQZ92NXSxMKe2J7FPD+7NHvwTNzzVD
    jg3cmW8pbtLEyxa+C+6EN8xnmklVfyzuzVsRJvrZvzYcOgLK2ji35oq9FYGXm0yH
    HRpQPBFkcgNedD3qrJNYKkIBiAh2SSKKA+J8eP3uD9NUOScgl2aKVz/phU5rSDwt
    NlhRuX8sS7q4gpL9qk4jWrMb8tNeN5nYRvmJj+Slf9sQSTfvukKo+2X8GpAecQNC
    z6OeQyN+3C2zm4cLCHHWC0ZR/iHQyHIVKlFXznWe6qA64o4x1A0GurjVMAw0Pe0v
    WBV3KJBsYK/wijtLeip1oKobU76oE0ML/bnhV10k6usvl4n8cDmcONo5FnGoT8Pk
    80htx6w5fanMFu4MnoBeyJhhzNfg7ywJcc2VZSM27s2B
    -----END CERTIFICATE-----
    -----BEGIN CERTIFICATE-----
    MIIFlTCCA32gAwIBAgIUQTPwwkR17jDrdIe4VqhzNQ6OY1MwDQYJKoZIhvcNAQEL
    BQAwJjELMAkGA1UEBhMCWFgxFzAVBgNVBAMMDnJoLWRzcC1kZXZzLmlvMB4XDTI0
    MDMwNTIzMzM0OFoXDTM0MDMwMzIzMzM0OFowJjELMAkGA1UEBhMCWFgxFzAVBgNV
    BAMMDioudGNwLm5ncm9rLmlvMIICIjANBgkqhkiG9w0BAQEFAAOCAg8AMIICCgKC
    AgEAxUS9rhHbrJUNYz3DIvSK3g7RMa7T+cxa0gWkSWqLWxOQR8Go7ouGi4hVsWlh
    bXoaYMOkC/eKQ4LXCObXHg3ydr7Zmp5SrixroxQShoxFaw8uJzP7CrT9cZndys1U
    KO58b3papvtEo8lxKHr1LRDQ3sN8hleEmjv90xdS/LUGXDqiwZHOaaNn2wjFK1Vv
    NrflprjS5nxK571M9JPG941eR7W4opP7xEpRJPavX7r3FU3xShplAvxoruzZCeJO
    a19uxRghKR95xKOAFvvYB+Q66kwfyX/njQarvUwLaeQKZhJrYluxh2vBMjk9cTge
    WKbaJOFfFs6v9O2mE9ZcgreeVo+wsKPE+T+YRCwUv2/3XDB4tH8sXjBt6usdLTJF
    fGfQofMq/rHQWx2JNGZGkxKU4RCFq+W9F8aSS/k6wc8Q9DBCvfyd85WMAN4NQ69E
    FDZm74h8GmLIjncOYNCoeFyqA55g19NIq4ICRXR+1NArB5OS5AjihjFJuyaC+q7G
    xMkSYjnWInuueM5dP5bNtMVXYKEAJkNOum6VwG60ACM7EWr9Lc427tKB7T9E3hRS
    43QsMD7mBt0uBYChgDDpi/w8U+J2nc3GB85Ek1Dx/m29eu6gr3uc6W4UWSaxOUzZ
    QKecfszophJ5iHTlsyI2oGXPbdUKMRrFRl/6advMd14qbMkCAwEAAaOBujCBtzAf
    BgNVHSMEGDAWgBR+eS4ZZgisrO77AKVsZp1LQfkrVTAJBgNVHRMEAjAAMGoGA1Ud
    EQRjMGGCDHRjcC5uZ3Jvay5pb4IOKi50Y3Aubmdyb2suaW+CE21hcmlhZGIubWFy
    aWFkYi5zdmOCIW1hcmlhZGIubWFyaWFkYi5zdmMuY2x1c3Rlci5sb2NhbIIJbG9j
    YWxob3N0MB0GA1UdDgQWBBR8+P2Dd7Y122uPoc6Q48tVXhB20zANBgkqhkiG9w0B
    AQsFAAOCAgEAnWdbI5Vrz94070K+trQIwQpMLzgZaIw2/L3JCHvD7I0XhYIUDV9b
    b22J7MZUOMq5xhX4bzsrywWR+VdYvxnPz4AqoT0APqm6NtU+i9z4VAb2u1PUVYGy
    tB56M7DUg+3u/4rBLPniXZr6k01xQleCQvw3M3siuhjlHaRgm/e8sWpcAGKU63ri
    s09RdAVsRxNVEdBDNpisHh/82Mildo1MspRNiOlurVyVKbOJVko3HbPvevq6UeTb
    +HfFpmG9w0daJEyJX4wbq2ToZozwH6fdTD67jQMFooCofpGHsXIF9AZvO08gEKDt
    KufvbJvguk12PUwoPxBcjxoPHaw9Fw8b8uncsysYIP7wkjxNEwlWqR8j6yZGJpB7
    87/dgbxqlRWJ7DopLRD5QiVt74EZlhjfi4+B/0Ujg9AZl9IDROAjlcFluD/nV9d8
    I6LxIFALVjppbpXpPRPA/+hvFSqG1vbY2jvBnUYIjUEODKoxJKES1XG+chwzzn5K
    i3PPFmyHU3YOgV8A6lp/evKA368hdrpdpcDVzUTBic1FJUK/L03xexM5NGQYCtgs
    lsiMw+o9r32W0fzjQRwipTLNM0lEbgWyErsVXFb67vY/rjy9ybuFlKMMOIlZpmut
    wcr1vUGA985Lhv2jire2GTlixOiqZtuQS08lGa7kkcO8sB+7MdRdgEI=
    -----END CERTIFICATE-----
