apiVersion: apps/v1
kind: Deployment
metadata:
  name: minio-testdsp7
  namespace: default
  labels:
    app: minio-testdsp7
    component: data-science-pipelines
    dspa: testdsp7
spec:
  selector:
    matchLabels:
      app: minio-testdsp7
      component: data-science-pipelines
      dspa: testdsp7
  strategy:
    type: Recreate
  template:
    metadata:
      labels:
        app: minio-testdsp7
        component: data-science-pipelines
        dspa: testdsp7
    spec:
      containers:
        - args:
            - server
            - /data
          env:
            - name: MINIO_ACCESS_KEY
              valueFrom:
                secretKeyRef:
                  key: "accesskey"
                  name: "ds-pipeline-s3-testdsp7"
            - name: MINIO_SECRET_KEY
              valueFrom:
                secretKeyRef:
                  key: "secretkey"
                  name: "ds-pipeline-s3-testdsp7"
          image: minio:test7
          name: minio
          ports:
            - containerPort: 9000
              protocol: TCP
          livenessProbe:
            tcpSocket:
              port: 9000
            initialDelaySeconds: 30
            timeoutSeconds: 1
            periodSeconds: 5
            successThreshold: 1
            failureThreshold: 3
          readinessProbe:
            tcpSocket:
              port: 9000
            initialDelaySeconds: 5
            timeoutSeconds: 1
            periodSeconds: 5
            successThreshold: 1
            failureThreshold: 3
          resources:
            requests:
              cpu: 1334m
              memory: 1Gi
            limits:
              cpu: 2535m
              memory: 5Gi
          volumeMounts:
            - mountPath: /data
              name: data
              subPath: minio
      volumes:
        - name: data
          persistentVolumeClaim:
            claimName: minio-testdsp7
