kind: ConfigMap
apiVersion: v1
metadata:
  name: dsp-trusted-ca-testdsp8
data:
  testcabundleconfigmapkey8.crt: |-
    -----BEGIN CERTIFICATE-----
    MIIFLTCCAxWgAwIBAgIUIvY4jV0212P/ddjuCZhcUyJfoocwDQYJKoZIhvcNAQEL
    BQAwJjELMAkGA1UEBhMCWFgxFzAVBgNVBAMMDnJoLWRzcC1kZXZzLmlvMB4XDTI0
    MDMwNTAxMTExN1oXDTM0MDMwMzAxMTExN1owJjELMAkGA1UEBhMCWFgxFzAVBgNV
    BAMMDnJoLWRzcC1kZXZzLmlvMIICIjANBgkqhkiG9w0BAQEFAAOCAg8AMIICCgKC
    AgEAnCxNdQ0EUhswfu8/K6icQKc//2xpTvcp9Bn9QZ9UUy3f2UXv5hvd4W2PM/uX
    FaZGoEzQsYagbjyuHDBxek8YOZvdRx9h7O+LLfN+DXeLbaY6tZ2AxNWwcaAmG0EH
    nSDVORrk8/aZfFRoxgQigWyuK28YZn2SopjNyvOc8GkNjCFO4y7g4QuzWdGMgMIA
    +whtt3EuYIwaRourKNFp4oR4InOVdPfuGezxbKRPcFfey1JEdTxGoWnHC+HDDMCf
    R2vV8hAQB4fdvbOoz3+S7j7d8YiaFBK/P2us6Il5tsUw4kzhD2/OLzyERB7SloZk
    NiIcSsU0USRGLb4/ybQsxu9UPIXUlKTK70HxIEIdPSPPMM84khIOuax0QXKORFHT
    Ti9jgEfXjuX/2RPijQoCMDrqRQvDxExnTVMncqud6PeDxOWfvSG4oyZBr4HgNAap
    wX7FWEY6SOH0e3GrH9ceI3afDO4A4YR+EE426GgHgYe8g4NTfD1D79+txmSY6VvV
    MBwEvPo1LJVmvz23HBC60+e6Ld3WjwE+viOktt20R5Td3NPj7qcBlMDs105yiz+l
    Ex1h/WDrAssETrelppg3Xgkkz+iY5RwiUB2BTzeiiDbN+AE6X+S5c61Izc2qAeH2
    gVrvMDlAK6t6bQ696TzItdAs5SnXauxPjfwmK+F65SYy7z8CAwEAAaNTMFEwHQYD
    VR0OBBYEFDj7l4fu0pXChZsXU5Cgsmr5TYq7MB8GA1UdIwQYMBaAFDj7l4fu0pXC
    hZsXU5Cgsmr5TYq7MA8GA1UdEwEB/wQFMAMBAf8wDQYJKoZIhvcNAQELBQADggIB
    AGr5DblOsH7JE9JM3M4p4eiXD40B/VIACEDMYJvyr6QjmcT8+XnHkiu7OV3OJV/G
    S4NKhleBhfpaaP2ZPGO/vUTmqXwcK78jl0WEjPrMVjs1eDoSnUNi+KwFTBypIusD
    gSEnICXa26v1CHCQG0QB+rUrIxJqjtq+bnlw/Ns1wxTYfZBFW1ykCJuMsekPo0pN
    yTH1eWr0eSVWgljqHKaUjKbRRTSTWvk2Sewaq004W+6QOSb3nb1+GHVMov/Q6vsz
    j6/3B7+7wybR80UTBI/1DfTlefQaOOgEPBjQZ92NXSxMKe2J7FPD+7NHvwTNzzVD
    jg3cmW8pbtLEyxa+C+6EN8xnmklVfyzuzVsRJvrZvzYcOgLK2ji35oq9FYGXm0yH
    HRpQPBFkcgNedD3qrJNYKkIBiAh2SSKKA+J8eP3uD9NUOScgl2aKVz/phU5rSDwt
    NlhRuX8sS7q4gpL9qk4jWrMb8tNeN5nYRvmJj+Slf9sQSTfvukKo+2X8GpAecQNC
    z6OeQyN+3C2zm4cLCHHWC0ZR/iHQyHIVKlFXznWe6qA64o4x1A0GurjVMAw0Pe0v
    WBV3KJBsYK/wijtLeip1oKobU76oE0ML/bnhV10k6usvl4n8cDmcONo5FnGoT8Pk
    80htx6w5fanMFu4MnoBeyJhhzNfg7ywJcc2VZSM27s2B
    -----END CERTIFICATE-----
    -----BEGIN CERTIFICATE-----
    MIIFLTCCAxWgAwIBAgIUIvY4jV0212P/ddjuCZhcUyJfoocwDQYJKoZIhvcNAQEL
    BQAwJjELMAkGA1UEBhMCWFgxFzAVBgNVBAMMDnJoLWRzcC1kZXZzLmlvMB4XDTI0
    MDMwNTAxMTExN1oXDTM0MDMwMzAxMTExN1owJjELMAkGA1UEBhMCWFgxFzAVBgNV
    BAMMDnJoLWRzcC1kZXZzLmlvMIICIjANBgkqhkiG9w0BAQEFAAOCAg8AMIICCgKC
    AgEAnCxNdQ0EUhswfu8/K6icQKc//2xpTvcp9Bn9QZ9UUy3f2UXv5hvd4W2PM/uX
    FaZGoEzQsYagbjyuHDBxek8YOZvdRx9h7O+LLfN+DXeLbaY6tZ2AxNWwcaAmG0EH
    nSDVORrk8/aZfFRoxgQigWyuK28YZn2SopjNyvOc8GkNjCFO4y7g4QuzWdGMgMIA
    +whtt3EuYIwaRourKNFp4oR4InOVdPfuGezxbKRPcFfey1JEdTxGoWnHC+HDDMCf
    R2vV8hAQB4fdvbOoz3+S7j7d8YiaFBK/P2us6Il5tsUw4kzhD2/OLzyERB7SloZk
    NiIcSsU0USRGLb4/ybQsxu9UPIXUlKTK70HxIEIdPSPPMM84khIOuax0QXKORFHT
    Ti9jgEfXjuX/2RPijQoCMDrqRQvDxExnTVMncqud6PeDxOWfvSG4oyZBr4HgNAap
    wX7FWEY6SOH0e3GrH9ceI3afDO4A4YR+EE426GgHgYe8g4NTfD1D79+txmSY6VvV
    MBwEvPo1LJVmvz23HBC60+e6Ld3WjwE+viOktt20R5Td3NPj7qcBlMDs105yiz+l
    Ex1h/WDrAssETrelppg3Xgkkz+iY5RwiUB2BTzeiiDbN+AE6X+S5c61Izc2qAeH2
    gVrvMDlAK6t6bQ696TzItdAs5SnXauxPjfwmK+F65SYy7z8CAwEAAaNTMFEwHQYD
    VR0OBBYEFDj7l4fu0pXChZsXU5Cgsmr5TYq7MB8GA1UdIwQYMBaAFDj7l4fu0pXC
    hZsXU5Cgsmr5TYq7MA8GA1UdEwEB/wQFMAMBAf8wDQYJKoZIhvcNAQELBQADggIB
    AGr5DblOsH7JE9JM3M4p4eiXD40B/VIACEDMYJvyr6QjmcT8+XnHkiu7OV3OJV/G
    S4NKhleBhfpaaP2ZPGO/vUTmqXwcK78jl0WEjPrMVjs1eDoSnUNi+KwFTBypIusD
    gSEnICXa26v1CHCQG0QB+rUrIxJqjtq+bnlw/Ns1wxTYfZBFW1ykCJuMsekPo0pN
    yTH1eWr0eSVWgljqHKaUjKbRRTSTWvk2Sewaq004W+6QOSb3nb1+GHVMov/Q6vsz
    j6/3B7+7wybR80UTBI/1DfTlefQaOOgEPBjQZ92NXSxMKe2J7FPD+7NHvwTNzzVD
    jg3cmW8pbtLEyxa+C+6EN8xnmklVfyzuzVsRJvrZvzYcOgLK2ji35oq9FYGXm0yH
    HRpQPBFkcgNedD3qrJNYKkIBiAh2SSKKA+J8eP3uD9NUOScgl2aKVz/phU5rSDwt
    NlhRuX8sS7q4gpL9qk4jWrMb8tNeN5nYRvmJj+Slf9sQSTfvukKo+2X8GpAecQNC
    z6OeQyN+3C2zm4cLCHHWC0ZR/iHQyHIVKlFXznWe6qA64o4x1A0GurjVMAw0Pe0v
    WBV3KJBsYK/wijtLeip1oKobU76oE0ML/bnhV10k6usvl4n8cDmcONo5FnGoT8Pk
    80htx6w5fanMFu4MnoBeyJhhzNfg7ywJcc2VZSM27s2B
    -----END CERTIFICATE-----
